// Vitest Snapshot v1, https://vitest.dev/guide/snapshot.html

exports[`end renders correctly 1`] = `undefined`;

exports[`renders correctly 1`] = `undefined`;

exports[`renders correctly 2`] = `undefined`;

exports[`renders correctly 3`] = `undefined`;

exports[`start renders correctly 1`] = `undefined`;
